[INFO] Scanning for projects...
[INFO]
[INFO] ----------------------------< com.rnt:rent >----------------------------
[INFO] Building rent 0.0.1-SNAPSHOT
[INFO]   from pom.xml
[INFO] --------------------------------[ jar ]---------------------------------
[INFO]
[INFO] --- clean:3.3.2:clean (default-clean) @ rent ---
[INFO] Deleting /app/target
[INFO]
[INFO] --- resources:3.3.1:resources (default-resources) @ rent ---
[INFO] Copying 1 resource from src/main/resources to target/classes
[INFO] Copying 2 resources from src/main/resources to target/classes
[INFO]
[INFO] --- compiler:3.13.0:compile (default-compile) @ rent ---
[INFO] Recompiling the module because of changed source code.
[INFO] Compiling 22 source files with javac [debug parameters release 17] to target/classes
[INFO] Annotation processing is enabled because one or more processors were found
  on the class path. A future release of javac may disable annotation processing
  unless at least one processor is specified by name (-processor), or a search
  path is specified (--processor-path, --processor-module-path), or annotation
  processing is enabled explicitly (-proc:only, -proc:full).
  Use -Xlint:-options to suppress this message.
  Use -proc:none to disable annotation processing.
[INFO]
[INFO] >>> spring-boot:3.3.3:run (default-cli) > test-compile @ rent >>>
[INFO]
[INFO] --- resources:3.3.1:resources (default-resources) @ rent ---
[INFO] Copying 1 resource from src/main/resources to target/classes
[INFO] Copying 2 resources from src/main/resources to target/classes
[INFO]
[INFO] --- compiler:3.13.0:compile (default-compile) @ rent ---
[INFO] Nothing to compile - all classes are up to date.
[INFO]
[INFO] --- resources:3.3.1:testResources (default-testResources) @ rent ---
[INFO] Copying 1 resource from src/test/resources to target/test-classes
[INFO]
[INFO] --- compiler:3.13.0:testCompile (default-testCompile) @ rent ---
[INFO] Recompiling the module because of changed dependency.
[INFO] Compiling 1 source file with javac [debug parameters release 17] to target/test-classes
[INFO] Annotation processing is enabled because one or more processors were found
  on the class path. A future release of javac may disable annotation processing
  unless at least one processor is specified by name (-processor), or a search
  path is specified (--processor-path, --processor-module-path), or annotation
  processing is enabled explicitly (-proc:only, -proc:full).
  Use -Xlint:-options to suppress this message.
  Use -proc:none to disable annotation processing.
[INFO]
[INFO] <<< spring-boot:3.3.3:run (default-cli) < test-compile @ rent <<<
[INFO]
[INFO]
[INFO] --- spring-boot:3.3.3:run (default-cli) @ rent ---
[INFO] Attaching agents: []

  .   ____          _            __ _ _
 /\\ / ___'_ __ _ _(_)_ __  __ _ \ \ \ \
( ( )\___ | '_ | '_| | '_ \/ _` | \ \ \ \
 \\/  ___)| |_)| | | | | || (_| |  ) ) ) )
  '  |____| .__|_| |_|_| |_\__, | / / / /
 =========|_|==============|___/=/_/_/_/

 :: Spring Boot ::                (v3.3.3)

2026-06-08T10:22:02.967Z  INFO 219758 --- [rent] [  restartedMain] com.rnt.rent.RentApplication             : Starting RentApplication using Java 21.0.10 with PID 219758 (/app/target/classes started by jules in /app)
2026-06-08T10:22:02.972Z  INFO 219758 --- [rent] [  restartedMain] com.rnt.rent.RentApplication             : No active profile set, falling back to 1 default profile: "default"
2026-06-08T10:22:03.029Z  INFO 219758 --- [rent] [  restartedMain] .e.DevToolsPropertyDefaultsPostProcessor : Devtools property defaults active! Set 'spring.devtools.add-properties' to 'false' to disable
2026-06-08T10:22:03.029Z  INFO 219758 --- [rent] [  restartedMain] .e.DevToolsPropertyDefaultsPostProcessor : For additional web related logging consider setting the 'logging.level.web' property to 'DEBUG'
2026-06-08T10:22:03.752Z  INFO 219758 --- [rent] [  restartedMain] .s.d.r.c.RepositoryConfigurationDelegate : Bootstrapping Spring Data JPA repositories in DEFAULT mode.
2026-06-08T10:22:03.830Z  INFO 219758 --- [rent] [  restartedMain] .s.d.r.c.RepositoryConfigurationDelegate : Finished Spring Data repository scanning in 68 ms. Found 3 JPA repository interfaces.
2026-06-08T10:22:04.802Z  INFO 219758 --- [rent] [  restartedMain] o.s.b.w.embedded.tomcat.TomcatWebServer  : Tomcat initialized with port 8080 (http)
2026-06-08T10:22:04.830Z  INFO 219758 --- [rent] [  restartedMain] o.apache.catalina.core.StandardService   : Starting service [Tomcat]
2026-06-08T10:22:04.830Z  INFO 219758 --- [rent] [  restartedMain] o.apache.catalina.core.StandardEngine    : Starting Servlet engine: [Apache Tomcat/10.1.28]
2026-06-08T10:22:04.933Z  INFO 219758 --- [rent] [  restartedMain] o.a.c.c.C.[Tomcat].[localhost].[/]       : Initializing Spring embedded WebApplicationContext
2026-06-08T10:22:04.934Z  INFO 219758 --- [rent] [  restartedMain] w.s.c.ServletWebServerApplicationContext : Root WebApplicationContext: initialization completed in 1903 ms
2026-06-08T10:22:04.982Z  INFO 219758 --- [rent] [  restartedMain] com.zaxxer.hikari.HikariDataSource       : HikariPool-1 - Starting...
2026-06-08T10:22:05.326Z  INFO 219758 --- [rent] [  restartedMain] com.zaxxer.hikari.pool.HikariPool        : HikariPool-1 - Added connection conn0: url=jdbc:h2:mem:rentdb user=SA
2026-06-08T10:22:05.328Z  INFO 219758 --- [rent] [  restartedMain] com.zaxxer.hikari.HikariDataSource       : HikariPool-1 - Start completed.
2026-06-08T10:22:05.346Z  INFO 219758 --- [rent] [  restartedMain] o.s.b.a.h2.H2ConsoleAutoConfiguration    : H2 console available at '/h2-console'. Database available at 'jdbc:h2:mem:rentdb'
2026-06-08T10:22:05.538Z DEBUG 219758 --- [rent] [  restartedMain] j.LocalContainerEntityManagerFactoryBean : Building JPA container EntityManagerFactory for persistence unit 'default'
2026-06-08T10:22:05.562Z  INFO 219758 --- [rent] [  restartedMain] o.hibernate.jpa.internal.util.LogHelper  : HHH000204: Processing PersistenceUnitInfo [name: default]
2026-06-08T10:22:05.620Z  INFO 219758 --- [rent] [  restartedMain] org.hibernate.Version                    : HHH000412: Hibernate ORM core version 6.5.2.Final
2026-06-08T10:22:05.651Z  INFO 219758 --- [rent] [  restartedMain] o.h.c.internal.RegionFactoryInitiator    : HHH000026: Second-level cache disabled
2026-06-08T10:22:06.006Z  INFO 219758 --- [rent] [  restartedMain] o.s.o.j.p.SpringPersistenceUnitInfo      : No LoadTimeWeaver setup: ignoring JPA class transformer
2026-06-08T10:22:06.052Z  WARN 219758 --- [rent] [  restartedMain] org.hibernate.orm.deprecation            : HHH90000025: H2Dialect does not need to be specified explicitly using 'hibernate.dialect' (remove the property setting and it will be selected by default)
2026-06-08T10:22:07.021Z  INFO 219758 --- [rent] [  restartedMain] o.h.e.t.j.p.i.JtaPlatformInitiator       : HHH000489: No JTA platform available (set 'hibernate.transaction.jta.platform' to enable JTA platform integration)
2026-06-08T10:22:07.035Z DEBUG 219758 --- [rent] [  restartedMain] org.hibernate.SQL                        :
    drop table if exists customer cascade
Hibernate:
    drop table if exists customer cascade
2026-06-08T10:22:07.039Z DEBUG 219758 --- [rent] [  restartedMain] org.hibernate.SQL                        :
    drop table if exists vehicle cascade
Hibernate:
    drop table if exists vehicle cascade
2026-06-08T10:22:07.040Z DEBUG 219758 --- [rent] [  restartedMain] org.hibernate.SQL                        :
    drop table if exists vorder cascade
Hibernate:
    drop table if exists vorder cascade
2026-06-08T10:22:07.040Z DEBUG 219758 --- [rent] [  restartedMain] org.hibernate.SQL                        :
    drop sequence if exists customer_seq
Hibernate:
    drop sequence if exists customer_seq
2026-06-08T10:22:07.041Z DEBUG 219758 --- [rent] [  restartedMain] org.hibernate.SQL                        :
    drop sequence if exists vehicle_seq
Hibernate:
    drop sequence if exists vehicle_seq
2026-06-08T10:22:07.041Z DEBUG 219758 --- [rent] [  restartedMain] org.hibernate.SQL                        :
    drop sequence if exists vorder_seq
Hibernate:
    drop sequence if exists vorder_seq
2026-06-08T10:22:07.046Z DEBUG 219758 --- [rent] [  restartedMain] org.hibernate.SQL                        :
    create sequence customer_seq start with 1 increment by 50
Hibernate:
    create sequence customer_seq start with 1 increment by 50
2026-06-08T10:22:07.049Z DEBUG 219758 --- [rent] [  restartedMain] org.hibernate.SQL                        :
    create sequence vehicle_seq start with 1 increment by 50
Hibernate:
    create sequence vehicle_seq start with 1 increment by 50
2026-06-08T10:22:07.049Z DEBUG 219758 --- [rent] [  restartedMain] org.hibernate.SQL                        :
    create sequence vorder_seq start with 1 increment by 50
Hibernate:
    create sequence vorder_seq start with 1 increment by 50
2026-06-08T10:22:07.052Z DEBUG 219758 --- [rent] [  restartedMain] org.hibernate.SQL                        :
    create table customer (
        c_id bigint not null,
        mobile_no bigint not null,
        c_name varchar(255),
        tenant_id varchar(255) not null,
        primary key (c_id)
    )
Hibernate:
    create table customer (
        c_id bigint not null,
        mobile_no bigint not null,
        c_name varchar(255),
        tenant_id varchar(255) not null,
        primary key (c_id)
    )
2026-06-08T10:22:07.057Z DEBUG 219758 --- [rent] [  restartedMain] org.hibernate.SQL                        :
    create table vehicle (
        is_available boolean not null,
        v_price float(53) not null,
        id bigint not null,
        tenant_id varchar(255) not null,
        v_name varchar(255),
        v_type varchar(255),
        primary key (id)
    )
Hibernate:
    create table vehicle (
        is_available boolean not null,
        v_price float(53) not null,
        id bigint not null,
        tenant_id varchar(255) not null,
        v_name varchar(255),
        v_type varchar(255),
        primary key (id)
    )
2026-06-08T10:22:07.060Z DEBUG 219758 --- [rent] [  restartedMain] org.hibernate.SQL                        :
    create table vorder (
        total float(53) not null,
        customer_id bigint unique,
        o_id bigint not null,
        r_date timestamp(6),
        t_date timestamp(6),
        vehicle_id bigint unique,
        c_name varchar(255),
        tenant_id varchar(255) not null,
        primary key (o_id)
    )
Hibernate:
    create table vorder (
        total float(53) not null,
        customer_id bigint unique,
        o_id bigint not null,
        r_date timestamp(6),
        t_date timestamp(6),
        vehicle_id bigint unique,
        c_name varchar(255),
        tenant_id varchar(255) not null,
        primary key (o_id)
    )
2026-06-08T10:22:07.064Z DEBUG 219758 --- [rent] [  restartedMain] org.hibernate.SQL                        :
    alter table if exists vorder
       add constraint FKj0ilb2nmsru7vhyhb8pnxfatd
       foreign key (customer_id)
       references customer
Hibernate:
    alter table if exists vorder
       add constraint FKj0ilb2nmsru7vhyhb8pnxfatd
       foreign key (customer_id)
       references customer
2026-06-08T10:22:07.077Z DEBUG 219758 --- [rent] [  restartedMain] org.hibernate.SQL                        :
    alter table if exists vorder
       add constraint FKgob0qhg4ywrq1jajdxh0bdbja
       foreign key (vehicle_id)
       references vehicle
Hibernate:
    alter table if exists vorder
       add constraint FKgob0qhg4ywrq1jajdxh0bdbja
       foreign key (vehicle_id)
       references vehicle
2026-06-08T10:22:07.082Z  INFO 219758 --- [rent] [  restartedMain] j.LocalContainerEntityManagerFactoryBean : Initialized JPA EntityManagerFactory for persistence unit 'default'
2026-06-08T10:22:07.200Z DEBUG 219758 --- [rent] [  restartedMain] tor$SharedEntityManagerInvocationHandler : Creating new EntityManager for shared EntityManager invocation
2026-06-08T10:22:07.236Z DEBUG 219758 --- [rent] [  restartedMain] tor$SharedEntityManagerInvocationHandler : Creating new EntityManager for shared EntityManager invocation
2026-06-08T10:22:07.294Z DEBUG 219758 --- [rent] [  restartedMain] tor$SharedEntityManagerInvocationHandler : Creating new EntityManager for shared EntityManager invocation
2026-06-08T10:22:07.333Z DEBUG 219758 --- [rent] [  restartedMain] tor$SharedEntityManagerInvocationHandler : Creating new EntityManager for shared EntityManager invocation
2026-06-08T10:22:07.341Z DEBUG 219758 --- [rent] [  restartedMain] tor$SharedEntityManagerInvocationHandler : Creating new EntityManager for shared EntityManager invocation
2026-06-08T10:22:07.354Z DEBUG 219758 --- [rent] [  restartedMain] tor$SharedEntityManagerInvocationHandler : Creating new EntityManager for shared EntityManager invocation
2026-06-08T10:22:07.367Z DEBUG 219758 --- [rent] [  restartedMain] tor$SharedEntityManagerInvocationHandler : Creating new EntityManager for shared EntityManager invocation
2026-06-08T10:22:07.458Z  WARN 219758 --- [rent] [  restartedMain] JpaBaseConfiguration$JpaWebConfiguration : spring.jpa.open-in-view is enabled by default. Therefore, database queries may be performed during view rendering. Explicitly configure spring.jpa.open-in-view to disable this warning
2026-06-08T10:22:07.482Z  INFO 219758 --- [rent] [  restartedMain] o.s.b.a.w.s.WelcomePageHandlerMapping    : Adding welcome page: class path resource [static/index.html]
2026-06-08T10:22:07.812Z  INFO 219758 --- [rent] [  restartedMain] o.s.b.d.a.OptionalLiveReloadServer       : LiveReload server is running on port 35729
2026-06-08T10:22:07.851Z  INFO 219758 --- [rent] [  restartedMain] o.s.b.w.embedded.tomcat.TomcatWebServer  : Tomcat started on port 8080 (http) with context path '/'
2026-06-08T10:22:07.860Z  INFO 219758 --- [rent] [  restartedMain] com.rnt.rent.RentApplication             : Started RentApplication in 5.277 seconds (process running for 5.721)
2026-06-08T10:23:01.424Z  INFO 219758 --- [rent] [nio-8080-exec-1] o.a.c.c.C.[Tomcat].[localhost].[/]       : Initializing Spring DispatcherServlet 'dispatcherServlet'
2026-06-08T10:23:01.426Z  INFO 219758 --- [rent] [nio-8080-exec-1] o.s.web.servlet.DispatcherServlet        : Initializing Servlet 'dispatcherServlet'
2026-06-08T10:23:01.431Z  INFO 219758 --- [rent] [nio-8080-exec-1] o.s.web.servlet.DispatcherServlet        : Completed initialization in 4 ms
2026-06-08T10:23:01.454Z DEBUG 219758 --- [rent] [nio-8080-exec-1] o.j.s.OpenEntityManagerInViewInterceptor : Opening JPA EntityManager in OpenEntityManagerInViewInterceptor
2026-06-08T10:23:01.509Z DEBUG 219758 --- [rent] [nio-8080-exec-1] o.j.s.OpenEntityManagerInViewInterceptor : Closing JPA EntityManager in OpenEntityManagerInViewInterceptor
2026-06-08T10:23:01.802Z DEBUG 219758 --- [rent] [nio-8080-exec-2] o.j.s.OpenEntityManagerInViewInterceptor : Opening JPA EntityManager in OpenEntityManagerInViewInterceptor
2026-06-08T10:23:01.802Z DEBUG 219758 --- [rent] [nio-8080-exec-3] o.j.s.OpenEntityManagerInViewInterceptor : Opening JPA EntityManager in OpenEntityManagerInViewInterceptor
2026-06-08T10:23:01.805Z DEBUG 219758 --- [rent] [nio-8080-exec-4] o.j.s.OpenEntityManagerInViewInterceptor : Opening JPA EntityManager in OpenEntityManagerInViewInterceptor
2026-06-08T10:23:01.814Z DEBUG 219758 --- [rent] [nio-8080-exec-3] o.s.orm.jpa.JpaTransactionManager        : Found thread-bound EntityManager [SessionImpl(702373862<open>)] for JPA transaction
2026-06-08T10:23:01.815Z DEBUG 219758 --- [rent] [nio-8080-exec-3] o.s.orm.jpa.JpaTransactionManager        : Creating new transaction with name [org.springframework.data.jpa.repository.support.SimpleJpaRepository.findAll]: PROPAGATION_REQUIRED,ISOLATION_DEFAULT,readOnly
2026-06-08T10:23:01.815Z DEBUG 219758 --- [rent] [nio-8080-exec-4] o.s.orm.jpa.JpaTransactionManager        : Found thread-bound EntityManager [SessionImpl(392548955<open>)] for JPA transaction
2026-06-08T10:23:01.815Z DEBUG 219758 --- [rent] [nio-8080-exec-4] o.s.orm.jpa.JpaTransactionManager        : Creating new transaction with name [org.springframework.data.jpa.repository.support.SimpleJpaRepository.findAll]: PROPAGATION_REQUIRED,ISOLATION_DEFAULT,readOnly
2026-06-08T10:23:01.816Z DEBUG 219758 --- [rent] [nio-8080-exec-2] o.s.orm.jpa.JpaTransactionManager        : Found thread-bound EntityManager [SessionImpl(876823179<open>)] for JPA transaction
2026-06-08T10:23:01.816Z DEBUG 219758 --- [rent] [nio-8080-exec-2] o.s.orm.jpa.JpaTransactionManager        : Creating new transaction with name [org.springframework.data.jpa.repository.support.SimpleJpaRepository.findAll]: PROPAGATION_REQUIRED,ISOLATION_DEFAULT,readOnly
2026-06-08T10:23:01.827Z DEBUG 219758 --- [rent] [nio-8080-exec-2] o.s.orm.jpa.JpaTransactionManager        : Exposing JPA transaction as JDBC [org.springframework.orm.jpa.vendor.HibernateJpaDialect$HibernateConnectionHandle@e4efd2b]
2026-06-08T10:23:01.829Z DEBUG 219758 --- [rent] [nio-8080-exec-3] o.s.orm.jpa.JpaTransactionManager        : Exposing JPA transaction as JDBC [org.springframework.orm.jpa.vendor.HibernateJpaDialect$HibernateConnectionHandle@7971c26e]
2026-06-08T10:23:01.830Z DEBUG 219758 --- [rent] [nio-8080-exec-4] o.s.orm.jpa.JpaTransactionManager        : Exposing JPA transaction as JDBC [org.springframework.orm.jpa.vendor.HibernateJpaDialect$HibernateConnectionHandle@5123682b]
2026-06-08T10:23:01.983Z DEBUG 219758 --- [rent] [nio-8080-exec-4] org.hibernate.SQL                        :
    select
        c1_0.c_id,
        c1_0.c_name,
        c1_0.mobile_no,
        c1_0.tenant_id
    from
        customer c1_0
    where
        c1_0.tenant_id = ?
        and c1_0.tenant_id = ?
2026-06-08T10:23:01.983Z DEBUG 219758 --- [rent] [nio-8080-exec-2] org.hibernate.SQL                        :
    select
        v1_0.id,
        v1_0.is_available,
        v1_0.tenant_id,
        v1_0.v_name,
        v1_0.v_price,
        v1_0.v_type
    from
        vehicle v1_0
    where
        v1_0.tenant_id = ?
        and v1_0.tenant_id = ?
Hibernate:
    select
        c1_0.c_id,
        c1_0.c_name,
        c1_0.mobile_no,
        c1_0.tenant_id
    from
        customer c1_0
    where
        c1_0.tenant_id = ?
        and c1_0.tenant_id = ?
2026-06-08T10:23:01.983Z DEBUG 219758 --- [rent] [nio-8080-exec-3] org.hibernate.SQL                        :
    select
        v1_0.o_id,
        v1_0.c_name,
        v1_0.customer_id,
        v1_0.r_date,
        v1_0.t_date,
        v1_0.tenant_id,
        v1_0.total,
        v1_0.vehicle_id
    from
        vorder v1_0
    where
        v1_0.tenant_id = ?
        and v1_0.tenant_id = ?
Hibernate:
    select
        v1_0.o_id,
        v1_0.c_name,
        v1_0.customer_id,
        v1_0.r_date,
        v1_0.t_date,
        v1_0.tenant_id,
        v1_0.total,
        v1_0.vehicle_id
    from
        vorder v1_0
    where
        v1_0.tenant_id = ?
        and v1_0.tenant_id = ?
Hibernate:
    select
        v1_0.id,
        v1_0.is_available,
        v1_0.tenant_id,
        v1_0.v_name,
        v1_0.v_price,
        v1_0.v_type
    from
        vehicle v1_0
    where
        v1_0.tenant_id = ?
        and v1_0.tenant_id = ?
2026-06-08T10:23:02.010Z DEBUG 219758 --- [rent] [nio-8080-exec-4] o.s.orm.jpa.JpaTransactionManager        : Initiating transaction commit
2026-06-08T10:23:02.010Z DEBUG 219758 --- [rent] [nio-8080-exec-2] o.s.orm.jpa.JpaTransactionManager        : Initiating transaction commit
2026-06-08T10:23:02.011Z DEBUG 219758 --- [rent] [nio-8080-exec-2] o.s.orm.jpa.JpaTransactionManager        : Committing JPA transaction on EntityManager [SessionImpl(876823179<open>)]
2026-06-08T10:23:02.011Z DEBUG 219758 --- [rent] [nio-8080-exec-4] o.s.orm.jpa.JpaTransactionManager        : Committing JPA transaction on EntityManager [SessionImpl(392548955<open>)]
2026-06-08T10:23:02.011Z DEBUG 219758 --- [rent] [nio-8080-exec-3] o.s.orm.jpa.JpaTransactionManager        : Initiating transaction commit
2026-06-08T10:23:02.011Z DEBUG 219758 --- [rent] [nio-8080-exec-3] o.s.orm.jpa.JpaTransactionManager        : Committing JPA transaction on EntityManager [SessionImpl(702373862<open>)]
2026-06-08T10:23:02.012Z DEBUG 219758 --- [rent] [nio-8080-exec-2] o.s.orm.jpa.JpaTransactionManager        : Not closing pre-bound JPA EntityManager after transaction
2026-06-08T10:23:02.012Z DEBUG 219758 --- [rent] [nio-8080-exec-3] o.s.orm.jpa.JpaTransactionManager        : Not closing pre-bound JPA EntityManager after transaction
2026-06-08T10:23:02.012Z DEBUG 219758 --- [rent] [nio-8080-exec-4] o.s.orm.jpa.JpaTransactionManager        : Not closing pre-bound JPA EntityManager after transaction
2026-06-08T10:23:02.037Z DEBUG 219758 --- [rent] [nio-8080-exec-2] o.j.s.OpenEntityManagerInViewInterceptor : Closing JPA EntityManager in OpenEntityManagerInViewInterceptor
2026-06-08T10:23:02.037Z DEBUG 219758 --- [rent] [nio-8080-exec-4] o.j.s.OpenEntityManagerInViewInterceptor : Closing JPA EntityManager in OpenEntityManagerInViewInterceptor
2026-06-08T10:23:02.037Z DEBUG 219758 --- [rent] [nio-8080-exec-3] o.j.s.OpenEntityManagerInViewInterceptor : Closing JPA EntityManager in OpenEntityManagerInViewInterceptor
2026-06-08T10:23:03.114Z DEBUG 219758 --- [rent] [nio-8080-exec-6] o.j.s.OpenEntityManagerInViewInterceptor : Opening JPA EntityManager in OpenEntityManagerInViewInterceptor
2026-06-08T10:23:03.114Z DEBUG 219758 --- [rent] [nio-8080-exec-7] o.j.s.OpenEntityManagerInViewInterceptor : Opening JPA EntityManager in OpenEntityManagerInViewInterceptor
2026-06-08T10:23:03.114Z DEBUG 219758 --- [rent] [nio-8080-exec-6] o.s.orm.jpa.JpaTransactionManager        : Found thread-bound EntityManager [SessionImpl(1047222789<open>)] for JPA transaction
2026-06-08T10:23:03.115Z DEBUG 219758 --- [rent] [nio-8080-exec-6] o.s.orm.jpa.JpaTransactionManager        : Creating new transaction with name [org.springframework.data.jpa.repository.support.SimpleJpaRepository.findAll]: PROPAGATION_REQUIRED,ISOLATION_DEFAULT,readOnly
2026-06-08T10:23:03.115Z DEBUG 219758 --- [rent] [nio-8080-exec-7] o.s.orm.jpa.JpaTransactionManager        : Found thread-bound EntityManager [SessionImpl(1969367068<open>)] for JPA transaction
2026-06-08T10:23:03.115Z DEBUG 219758 --- [rent] [nio-8080-exec-7] o.s.orm.jpa.JpaTransactionManager        : Creating new transaction with name [org.springframework.data.jpa.repository.support.SimpleJpaRepository.findAll]: PROPAGATION_REQUIRED,ISOLATION_DEFAULT,readOnly
2026-06-08T10:23:03.115Z DEBUG 219758 --- [rent] [nio-8080-exec-6] o.s.orm.jpa.JpaTransactionManager        : Exposing JPA transaction as JDBC [org.springframework.orm.jpa.vendor.HibernateJpaDialect$HibernateConnectionHandle@30acb3b8]
2026-06-08T10:23:03.115Z DEBUG 219758 --- [rent] [nio-8080-exec-7] o.s.orm.jpa.JpaTransactionManager        : Exposing JPA transaction as JDBC [org.springframework.orm.jpa.vendor.HibernateJpaDialect$HibernateConnectionHandle@7ba5c8c0]
2026-06-08T10:23:03.114Z DEBUG 219758 --- [rent] [nio-8080-exec-5] o.j.s.OpenEntityManagerInViewInterceptor : Opening JPA EntityManager in OpenEntityManagerInViewInterceptor
2026-06-08T10:23:03.115Z DEBUG 219758 --- [rent] [nio-8080-exec-5] o.s.orm.jpa.JpaTransactionManager        : Found thread-bound EntityManager [SessionImpl(237245412<open>)] for JPA transaction
2026-06-08T10:23:03.115Z DEBUG 219758 --- [rent] [nio-8080-exec-5] o.s.orm.jpa.JpaTransactionManager        : Creating new transaction with name [org.springframework.data.jpa.repository.support.SimpleJpaRepository.findAll]: PROPAGATION_REQUIRED,ISOLATION_DEFAULT,readOnly
2026-06-08T10:23:03.116Z DEBUG 219758 --- [rent] [nio-8080-exec-5] o.s.orm.jpa.JpaTransactionManager        : Exposing JPA transaction as JDBC [org.springframework.orm.jpa.vendor.HibernateJpaDialect$HibernateConnectionHandle@e3fc50]
2026-06-08T10:23:03.117Z DEBUG 219758 --- [rent] [nio-8080-exec-5] org.hibernate.SQL                        :
    select
        v1_0.id,
        v1_0.is_available,
        v1_0.tenant_id,
        v1_0.v_name,
        v1_0.v_price,
        v1_0.v_type
    from
        vehicle v1_0
    where
        v1_0.tenant_id = ?
        and v1_0.tenant_id = ?
Hibernate:
    select
        v1_0.id,
        v1_0.is_available,
        v1_0.tenant_id,
        v1_0.v_name,
        v1_0.v_price,
        v1_0.v_type
    from
        vehicle v1_0
    where
        v1_0.tenant_id = ?
        and v1_0.tenant_id = ?
2026-06-08T10:23:03.117Z DEBUG 219758 --- [rent] [nio-8080-exec-7] org.hibernate.SQL                        :
    select
        v1_0.o_id,
        v1_0.c_name,
        v1_0.customer_id,
        v1_0.r_date,
        v1_0.t_date,
        v1_0.tenant_id,
        v1_0.total,
        v1_0.vehicle_id
    from
        vorder v1_0
    where
        v1_0.tenant_id = ?
        and v1_0.tenant_id = ?
Hibernate:
    select
        v1_0.o_id,
        v1_0.c_name,
        v1_0.customer_id,
        v1_0.r_date,
        v1_0.t_date,
        v1_0.tenant_id,
        v1_0.total,
        v1_0.vehicle_id
    from
        vorder v1_0
    where
        v1_0.tenant_id = ?
        and v1_0.tenant_id = ?
2026-06-08T10:23:03.118Z DEBUG 219758 --- [rent] [nio-8080-exec-5] o.s.orm.jpa.JpaTransactionManager        : Initiating transaction commit
2026-06-08T10:23:03.118Z DEBUG 219758 --- [rent] [nio-8080-exec-5] o.s.orm.jpa.JpaTransactionManager        : Committing JPA transaction on EntityManager [SessionImpl(237245412<open>)]
2026-06-08T10:23:03.118Z DEBUG 219758 --- [rent] [nio-8080-exec-5] o.s.orm.jpa.JpaTransactionManager        : Not closing pre-bound JPA EntityManager after transaction
2026-06-08T10:23:03.118Z DEBUG 219758 --- [rent] [nio-8080-exec-7] o.s.orm.jpa.JpaTransactionManager        : Initiating transaction commit
2026-06-08T10:23:03.118Z DEBUG 219758 --- [rent] [nio-8080-exec-7] o.s.orm.jpa.JpaTransactionManager        : Committing JPA transaction on EntityManager [SessionImpl(1969367068<open>)]
2026-06-08T10:23:03.119Z DEBUG 219758 --- [rent] [nio-8080-exec-7] o.s.orm.jpa.JpaTransactionManager        : Not closing pre-bound JPA EntityManager after transaction
2026-06-08T10:23:03.120Z DEBUG 219758 --- [rent] [nio-8080-exec-7] o.j.s.OpenEntityManagerInViewInterceptor : Closing JPA EntityManager in OpenEntityManagerInViewInterceptor
2026-06-08T10:23:03.121Z DEBUG 219758 --- [rent] [nio-8080-exec-5] o.j.s.OpenEntityManagerInViewInterceptor : Closing JPA EntityManager in OpenEntityManagerInViewInterceptor
2026-06-08T10:23:03.121Z DEBUG 219758 --- [rent] [nio-8080-exec-6] org.hibernate.SQL                        :
    select
        c1_0.c_id,
        c1_0.c_name,
        c1_0.mobile_no,
        c1_0.tenant_id
    from
        customer c1_0
    where
        c1_0.tenant_id = ?
        and c1_0.tenant_id = ?
Hibernate:
    select
        c1_0.c_id,
        c1_0.c_name,
        c1_0.mobile_no,
        c1_0.tenant_id
    from
        customer c1_0
    where
        c1_0.tenant_id = ?
        and c1_0.tenant_id = ?
2026-06-08T10:23:03.122Z DEBUG 219758 --- [rent] [nio-8080-exec-6] o.s.orm.jpa.JpaTransactionManager        : Initiating transaction commit
2026-06-08T10:23:03.122Z DEBUG 219758 --- [rent] [nio-8080-exec-6] o.s.orm.jpa.JpaTransactionManager        : Committing JPA transaction on EntityManager [SessionImpl(1047222789<open>)]
2026-06-08T10:23:03.123Z DEBUG 219758 --- [rent] [nio-8080-exec-6] o.s.orm.jpa.JpaTransactionManager        : Not closing pre-bound JPA EntityManager after transaction
2026-06-08T10:23:03.124Z DEBUG 219758 --- [rent] [nio-8080-exec-6] o.j.s.OpenEntityManagerInViewInterceptor : Closing JPA EntityManager in OpenEntityManagerInViewInterceptor
2026-06-08T10:23:03.637Z DEBUG 219758 --- [rent] [nio-8080-exec-9] o.j.s.OpenEntityManagerInViewInterceptor : Opening JPA EntityManager in OpenEntityManagerInViewInterceptor
2026-06-08T10:23:03.638Z DEBUG 219758 --- [rent] [nio-8080-exec-9] o.s.orm.jpa.JpaTransactionManager        : Found thread-bound EntityManager [SessionImpl(1567413061<open>)] for JPA transaction
2026-06-08T10:23:03.638Z DEBUG 219758 --- [rent] [nio-8080-exec-9] o.s.orm.jpa.JpaTransactionManager        : Creating new transaction with name [org.springframework.data.jpa.repository.support.SimpleJpaRepository.findAll]: PROPAGATION_REQUIRED,ISOLATION_DEFAULT,readOnly
2026-06-08T10:23:03.639Z DEBUG 219758 --- [rent] [nio-8080-exec-9] o.s.orm.jpa.JpaTransactionManager        : Exposing JPA transaction as JDBC [org.springframework.orm.jpa.vendor.HibernateJpaDialect$HibernateConnectionHandle@53ab3698]
2026-06-08T10:23:03.639Z DEBUG 219758 --- [rent] [nio-8080-exec-8] o.j.s.OpenEntityManagerInViewInterceptor : Opening JPA EntityManager in OpenEntityManagerInViewInterceptor
2026-06-08T10:23:03.639Z DEBUG 219758 --- [rent] [nio-8080-exec-8] o.s.orm.jpa.JpaTransactionManager        : Found thread-bound EntityManager [SessionImpl(1193941669<open>)] for JPA transaction
2026-06-08T10:23:03.639Z DEBUG 219758 --- [rent] [nio-8080-exec-8] o.s.orm.jpa.JpaTransactionManager        : Creating new transaction with name [org.springframework.data.jpa.repository.support.SimpleJpaRepository.findAll]: PROPAGATION_REQUIRED,ISOLATION_DEFAULT,readOnly
2026-06-08T10:23:03.641Z DEBUG 219758 --- [rent] [io-8080-exec-10] o.j.s.OpenEntityManagerInViewInterceptor : Opening JPA EntityManager in OpenEntityManagerInViewInterceptor
2026-06-08T10:23:03.641Z DEBUG 219758 --- [rent] [io-8080-exec-10] o.s.orm.jpa.JpaTransactionManager        : Found thread-bound EntityManager [SessionImpl(1979679782<open>)] for JPA transaction
2026-06-08T10:23:03.641Z DEBUG 219758 --- [rent] [io-8080-exec-10] o.s.orm.jpa.JpaTransactionManager        : Creating new transaction with name [org.springframework.data.jpa.repository.support.SimpleJpaRepository.findAll]: PROPAGATION_REQUIRED,ISOLATION_DEFAULT,readOnly
2026-06-08T10:23:03.642Z DEBUG 219758 --- [rent] [io-8080-exec-10] o.s.orm.jpa.JpaTransactionManager        : Exposing JPA transaction as JDBC [org.springframework.orm.jpa.vendor.HibernateJpaDialect$HibernateConnectionHandle@7b3874e9]
2026-06-08T10:23:03.644Z DEBUG 219758 --- [rent] [nio-8080-exec-8] o.s.orm.jpa.JpaTransactionManager        : Exposing JPA transaction as JDBC [org.springframework.orm.jpa.vendor.HibernateJpaDialect$HibernateConnectionHandle@49edec30]
2026-06-08T10:23:03.646Z DEBUG 219758 --- [rent] [io-8080-exec-10] org.hibernate.SQL                        :
    select
        v1_0.o_id,
        v1_0.c_name,
        v1_0.customer_id,
        v1_0.r_date,
        v1_0.t_date,
        v1_0.tenant_id,
        v1_0.total,
        v1_0.vehicle_id
    from
        vorder v1_0
    where
        v1_0.tenant_id = ?
        and v1_0.tenant_id = ?
Hibernate:
    select
        v1_0.o_id,
        v1_0.c_name,
        v1_0.customer_id,
        v1_0.r_date,
        v1_0.t_date,
        v1_0.tenant_id,
        v1_0.total,
        v1_0.vehicle_id
    from
        vorder v1_0
    where
        v1_0.tenant_id = ?
        and v1_0.tenant_id = ?
2026-06-08T10:23:03.646Z DEBUG 219758 --- [rent] [nio-8080-exec-9] org.hibernate.SQL                        :
    select
        v1_0.id,
        v1_0.is_available,
        v1_0.tenant_id,
        v1_0.v_name,
        v1_0.v_price,
        v1_0.v_type
    from
        vehicle v1_0
    where
        v1_0.tenant_id = ?
        and v1_0.tenant_id = ?
Hibernate:
    select
        v1_0.id,
        v1_0.is_available,
        v1_0.tenant_id,
        v1_0.v_name,
        v1_0.v_price,
        v1_0.v_type
    from
        vehicle v1_0
    where
        v1_0.tenant_id = ?
        and v1_0.tenant_id = ?
2026-06-08T10:23:03.646Z DEBUG 219758 --- [rent] [io-8080-exec-10] o.s.orm.jpa.JpaTransactionManager        : Initiating transaction commit
2026-06-08T10:23:03.646Z DEBUG 219758 --- [rent] [io-8080-exec-10] o.s.orm.jpa.JpaTransactionManager        : Committing JPA transaction on EntityManager [SessionImpl(1979679782<open>)]
2026-06-08T10:23:03.647Z DEBUG 219758 --- [rent] [io-8080-exec-10] o.s.orm.jpa.JpaTransactionManager        : Not closing pre-bound JPA EntityManager after transaction
2026-06-08T10:23:03.647Z DEBUG 219758 --- [rent] [nio-8080-exec-9] o.s.orm.jpa.JpaTransactionManager        : Initiating transaction commit
2026-06-08T10:23:03.647Z DEBUG 219758 --- [rent] [nio-8080-exec-9] o.s.orm.jpa.JpaTransactionManager        : Committing JPA transaction on EntityManager [SessionImpl(1567413061<open>)]
2026-06-08T10:23:03.647Z DEBUG 219758 --- [rent] [nio-8080-exec-9] o.s.orm.jpa.JpaTransactionManager        : Not closing pre-bound JPA EntityManager after transaction
2026-06-08T10:23:03.648Z DEBUG 219758 --- [rent] [nio-8080-exec-9] o.j.s.OpenEntityManagerInViewInterceptor : Closing JPA EntityManager in OpenEntityManagerInViewInterceptor
2026-06-08T10:23:03.648Z DEBUG 219758 --- [rent] [io-8080-exec-10] o.j.s.OpenEntityManagerInViewInterceptor : Closing JPA EntityManager in OpenEntityManagerInViewInterceptor
2026-06-08T10:23:03.650Z DEBUG 219758 --- [rent] [nio-8080-exec-8] org.hibernate.SQL                        :
    select
        c1_0.c_id,
        c1_0.c_name,
        c1_0.mobile_no,
        c1_0.tenant_id
    from
        customer c1_0
    where
        c1_0.tenant_id = ?
        and c1_0.tenant_id = ?
Hibernate:
    select
        c1_0.c_id,
        c1_0.c_name,
        c1_0.mobile_no,
        c1_0.tenant_id
    from
        customer c1_0
    where
        c1_0.tenant_id = ?
        and c1_0.tenant_id = ?
2026-06-08T10:23:03.651Z DEBUG 219758 --- [rent] [nio-8080-exec-8] o.s.orm.jpa.JpaTransactionManager        : Initiating transaction commit
2026-06-08T10:23:03.651Z DEBUG 219758 --- [rent] [nio-8080-exec-8] o.s.orm.jpa.JpaTransactionManager        : Committing JPA transaction on EntityManager [SessionImpl(1193941669<open>)]
2026-06-08T10:23:03.651Z DEBUG 219758 --- [rent] [nio-8080-exec-8] o.s.orm.jpa.JpaTransactionManager        : Not closing pre-bound JPA EntityManager after transaction
2026-06-08T10:23:03.652Z DEBUG 219758 --- [rent] [nio-8080-exec-8] o.j.s.OpenEntityManagerInViewInterceptor : Closing JPA EntityManager in OpenEntityManagerInViewInterceptor
2026-06-08T10:23:03.761Z DEBUG 219758 --- [rent] [nio-8080-exec-1] o.j.s.OpenEntityManagerInViewInterceptor : Opening JPA EntityManager in OpenEntityManagerInViewInterceptor
2026-06-08T10:23:03.833Z DEBUG 219758 --- [rent] [nio-8080-exec-1] o.s.orm.jpa.JpaTransactionManager        : Found thread-bound EntityManager [SessionImpl(1205409875<open>)] for JPA transaction
2026-06-08T10:23:03.833Z DEBUG 219758 --- [rent] [nio-8080-exec-1] o.s.orm.jpa.JpaTransactionManager        : Creating new transaction with name [org.springframework.data.jpa.repository.support.SimpleJpaRepository.save]: PROPAGATION_REQUIRED,ISOLATION_DEFAULT
2026-06-08T10:23:03.833Z DEBUG 219758 --- [rent] [nio-8080-exec-1] o.s.orm.jpa.JpaTransactionManager        : Exposing JPA transaction as JDBC [org.springframework.orm.jpa.vendor.HibernateJpaDialect$HibernateConnectionHandle@2f64e016]
2026-06-08T10:23:03.839Z DEBUG 219758 --- [rent] [nio-8080-exec-1] org.hibernate.SQL                        :
    select
        next value for vehicle_seq
Hibernate:
    select
        next value for vehicle_seq
2026-06-08T10:23:03.855Z DEBUG 219758 --- [rent] [nio-8080-exec-1] o.s.orm.jpa.JpaTransactionManager        : Initiating transaction commit
2026-06-08T10:23:03.855Z DEBUG 219758 --- [rent] [nio-8080-exec-1] o.s.orm.jpa.JpaTransactionManager        : Committing JPA transaction on EntityManager [SessionImpl(1205409875<open>)]
2026-06-08T10:23:03.867Z DEBUG 219758 --- [rent] [nio-8080-exec-1] org.hibernate.SQL                        :
    insert
    into
        vehicle
        (is_available, tenant_id, v_name, v_price, v_type, id)
    values
        (?, ?, ?, ?, ?, ?)
Hibernate:
    insert
    into
        vehicle
        (is_available, tenant_id, v_name, v_price, v_type, id)
    values
        (?, ?, ?, ?, ?, ?)
2026-06-08T10:23:03.871Z DEBUG 219758 --- [rent] [nio-8080-exec-1] o.s.orm.jpa.JpaTransactionManager        : Not closing pre-bound JPA EntityManager after transaction
2026-06-08T10:23:03.883Z DEBUG 219758 --- [rent] [nio-8080-exec-1] o.j.s.OpenEntityManagerInViewInterceptor : Closing JPA EntityManager in OpenEntityManagerInViewInterceptor
2026-06-08T10:23:03.886Z DEBUG 219758 --- [rent] [nio-8080-exec-2] o.j.s.OpenEntityManagerInViewInterceptor : Opening JPA EntityManager in OpenEntityManagerInViewInterceptor
2026-06-08T10:23:03.887Z DEBUG 219758 --- [rent] [nio-8080-exec-2] o.s.orm.jpa.JpaTransactionManager        : Found thread-bound EntityManager [SessionImpl(1078661795<open>)] for JPA transaction
2026-06-08T10:23:03.887Z DEBUG 219758 --- [rent] [nio-8080-exec-2] o.s.orm.jpa.JpaTransactionManager        : Creating new transaction with name [org.springframework.data.jpa.repository.support.SimpleJpaRepository.findAll]: PROPAGATION_REQUIRED,ISOLATION_DEFAULT,readOnly
2026-06-08T10:23:03.887Z DEBUG 219758 --- [rent] [nio-8080-exec-2] o.s.orm.jpa.JpaTransactionManager        : Exposing JPA transaction as JDBC [org.springframework.orm.jpa.vendor.HibernateJpaDialect$HibernateConnectionHandle@42312878]
2026-06-08T10:23:03.889Z DEBUG 219758 --- [rent] [nio-8080-exec-2] org.hibernate.SQL                        :
    select
        v1_0.id,
        v1_0.is_available,
        v1_0.tenant_id,
        v1_0.v_name,
        v1_0.v_price,
        v1_0.v_type
    from
        vehicle v1_0
    where
        v1_0.tenant_id = ?
        and v1_0.tenant_id = ?
Hibernate:
    select
        v1_0.id,
        v1_0.is_available,
        v1_0.tenant_id,
        v1_0.v_name,
        v1_0.v_price,
        v1_0.v_type
    from
        vehicle v1_0
    where
        v1_0.tenant_id = ?
        and v1_0.tenant_id = ?
2026-06-08T10:23:03.893Z DEBUG 219758 --- [rent] [nio-8080-exec-2] o.s.orm.jpa.JpaTransactionManager        : Initiating transaction commit
2026-06-08T10:23:03.894Z DEBUG 219758 --- [rent] [nio-8080-exec-2] o.s.orm.jpa.JpaTransactionManager        : Committing JPA transaction on EntityManager [SessionImpl(1078661795<open>)]
2026-06-08T10:23:03.894Z DEBUG 219758 --- [rent] [nio-8080-exec-2] o.s.orm.jpa.JpaTransactionManager        : Not closing pre-bound JPA EntityManager after transaction
2026-06-08T10:23:03.896Z DEBUG 219758 --- [rent] [nio-8080-exec-2] o.j.s.OpenEntityManagerInViewInterceptor : Closing JPA EntityManager in OpenEntityManagerInViewInterceptor
2026-06-08T10:23:04.340Z DEBUG 219758 --- [rent] [nio-8080-exec-4] o.j.s.OpenEntityManagerInViewInterceptor : Opening JPA EntityManager in OpenEntityManagerInViewInterceptor
2026-06-08T10:23:04.347Z DEBUG 219758 --- [rent] [nio-8080-exec-4] o.s.orm.jpa.JpaTransactionManager        : Found thread-bound EntityManager [SessionImpl(919766709<open>)] for JPA transaction
2026-06-08T10:23:04.347Z DEBUG 219758 --- [rent] [nio-8080-exec-4] o.s.orm.jpa.JpaTransactionManager        : Creating new transaction with name [org.springframework.data.jpa.repository.support.SimpleJpaRepository.save]: PROPAGATION_REQUIRED,ISOLATION_DEFAULT
2026-06-08T10:23:04.347Z DEBUG 219758 --- [rent] [nio-8080-exec-4] o.s.orm.jpa.JpaTransactionManager        : Exposing JPA transaction as JDBC [org.springframework.orm.jpa.vendor.HibernateJpaDialect$HibernateConnectionHandle@626f78ce]
2026-06-08T10:23:04.348Z DEBUG 219758 --- [rent] [nio-8080-exec-4] org.hibernate.SQL                        :
    select
        next value for customer_seq
Hibernate:
    select
        next value for customer_seq
2026-06-08T10:23:04.350Z DEBUG 219758 --- [rent] [nio-8080-exec-4] o.s.orm.jpa.JpaTransactionManager        : Initiating transaction commit
2026-06-08T10:23:04.350Z DEBUG 219758 --- [rent] [nio-8080-exec-4] o.s.orm.jpa.JpaTransactionManager        : Committing JPA transaction on EntityManager [SessionImpl(919766709<open>)]
2026-06-08T10:23:04.351Z DEBUG 219758 --- [rent] [nio-8080-exec-4] org.hibernate.SQL                        :
    insert
    into
        customer
        (c_name, mobile_no, tenant_id, c_id)
    values
        (?, ?, ?, ?)
Hibernate:
    insert
    into
        customer
        (c_name, mobile_no, tenant_id, c_id)
    values
        (?, ?, ?, ?)
2026-06-08T10:23:04.352Z DEBUG 219758 --- [rent] [nio-8080-exec-4] o.s.orm.jpa.JpaTransactionManager        : Not closing pre-bound JPA EntityManager after transaction
2026-06-08T10:23:04.355Z DEBUG 219758 --- [rent] [nio-8080-exec-4] o.j.s.OpenEntityManagerInViewInterceptor : Closing JPA EntityManager in OpenEntityManagerInViewInterceptor
2026-06-08T10:23:04.358Z DEBUG 219758 --- [rent] [nio-8080-exec-3] o.j.s.OpenEntityManagerInViewInterceptor : Opening JPA EntityManager in OpenEntityManagerInViewInterceptor
2026-06-08T10:23:04.358Z DEBUG 219758 --- [rent] [nio-8080-exec-3] o.s.orm.jpa.JpaTransactionManager        : Found thread-bound EntityManager [SessionImpl(540175052<open>)] for JPA transaction
2026-06-08T10:23:04.358Z DEBUG 219758 --- [rent] [nio-8080-exec-3] o.s.orm.jpa.JpaTransactionManager        : Creating new transaction with name [org.springframework.data.jpa.repository.support.SimpleJpaRepository.findAll]: PROPAGATION_REQUIRED,ISOLATION_DEFAULT,readOnly
2026-06-08T10:23:04.359Z DEBUG 219758 --- [rent] [nio-8080-exec-3] o.s.orm.jpa.JpaTransactionManager        : Exposing JPA transaction as JDBC [org.springframework.orm.jpa.vendor.HibernateJpaDialect$HibernateConnectionHandle@1f704993]
2026-06-08T10:23:04.360Z DEBUG 219758 --- [rent] [nio-8080-exec-3] org.hibernate.SQL                        :
    select
        c1_0.c_id,
        c1_0.c_name,
        c1_0.mobile_no,
        c1_0.tenant_id
    from
        customer c1_0
    where
        c1_0.tenant_id = ?
        and c1_0.tenant_id = ?
Hibernate:
    select
        c1_0.c_id,
        c1_0.c_name,
        c1_0.mobile_no,
        c1_0.tenant_id
    from
        customer c1_0
    where
        c1_0.tenant_id = ?
        and c1_0.tenant_id = ?
2026-06-08T10:23:04.362Z DEBUG 219758 --- [rent] [nio-8080-exec-3] o.s.orm.jpa.JpaTransactionManager        : Initiating transaction commit
2026-06-08T10:23:04.362Z DEBUG 219758 --- [rent] [nio-8080-exec-3] o.s.orm.jpa.JpaTransactionManager        : Committing JPA transaction on EntityManager [SessionImpl(540175052<open>)]
2026-06-08T10:23:04.362Z DEBUG 219758 --- [rent] [nio-8080-exec-3] o.s.orm.jpa.JpaTransactionManager        : Not closing pre-bound JPA EntityManager after transaction
2026-06-08T10:23:04.364Z DEBUG 219758 --- [rent] [nio-8080-exec-3] o.j.s.OpenEntityManagerInViewInterceptor : Closing JPA EntityManager in OpenEntityManagerInViewInterceptor
2026-06-08T10:23:04.938Z DEBUG 219758 --- [rent] [nio-8080-exec-7] o.j.s.OpenEntityManagerInViewInterceptor : Opening JPA EntityManager in OpenEntityManagerInViewInterceptor
2026-06-08T10:23:04.951Z DEBUG 219758 --- [rent] [nio-8080-exec-7] o.s.orm.jpa.JpaTransactionManager        : Found thread-bound EntityManager [SessionImpl(1576128541<open>)] for JPA transaction
2026-06-08T10:23:04.952Z DEBUG 219758 --- [rent] [nio-8080-exec-7] o.s.orm.jpa.JpaTransactionManager        : Creating new transaction with name [org.springframework.data.jpa.repository.support.SimpleJpaRepository.findById]: PROPAGATION_REQUIRED,ISOLATION_DEFAULT,readOnly
2026-06-08T10:23:04.952Z DEBUG 219758 --- [rent] [nio-8080-exec-7] o.s.orm.jpa.JpaTransactionManager        : Exposing JPA transaction as JDBC [org.springframework.orm.jpa.vendor.HibernateJpaDialect$HibernateConnectionHandle@4a6bf1b1]
2026-06-08T10:23:04.962Z DEBUG 219758 --- [rent] [nio-8080-exec-7] org.hibernate.SQL                        :
    select
        c1_0.c_id,
        c1_0.c_name,
        c1_0.mobile_no,
        c1_0.tenant_id
    from
        customer c1_0
    where
        c1_0.c_id=?
Hibernate:
    select
        c1_0.c_id,
        c1_0.c_name,
        c1_0.mobile_no,
        c1_0.tenant_id
    from
        customer c1_0
    where
        c1_0.c_id=?
2026-06-08T10:23:04.964Z DEBUG 219758 --- [rent] [nio-8080-exec-7] o.s.orm.jpa.JpaTransactionManager        : Initiating transaction commit
2026-06-08T10:23:04.964Z DEBUG 219758 --- [rent] [nio-8080-exec-7] o.s.orm.jpa.JpaTransactionManager        : Committing JPA transaction on EntityManager [SessionImpl(1576128541<open>)]
2026-06-08T10:23:04.964Z DEBUG 219758 --- [rent] [nio-8080-exec-7] o.s.orm.jpa.JpaTransactionManager        : Not closing pre-bound JPA EntityManager after transaction
2026-06-08T10:23:04.965Z DEBUG 219758 --- [rent] [nio-8080-exec-7] o.s.orm.jpa.JpaTransactionManager        : Found thread-bound EntityManager [SessionImpl(1576128541<open>)] for JPA transaction
2026-06-08T10:23:04.965Z DEBUG 219758 --- [rent] [nio-8080-exec-7] o.s.orm.jpa.JpaTransactionManager        : Creating new transaction with name [org.springframework.data.jpa.repository.support.SimpleJpaRepository.findById]: PROPAGATION_REQUIRED,ISOLATION_DEFAULT,readOnly
2026-06-08T10:23:04.965Z DEBUG 219758 --- [rent] [nio-8080-exec-7] o.s.orm.jpa.JpaTransactionManager        : Exposing JPA transaction as JDBC [org.springframework.orm.jpa.vendor.HibernateJpaDialect$HibernateConnectionHandle@7721e9b5]
2026-06-08T10:23:04.966Z DEBUG 219758 --- [rent] [nio-8080-exec-7] org.hibernate.SQL                        :
    select
        v1_0.id,
        v1_0.is_available,
        v1_0.tenant_id,
        v1_0.v_name,
        v1_0.v_price,
        v1_0.v_type
    from
        vehicle v1_0
    where
        v1_0.id=?
Hibernate:
    select
        v1_0.id,
        v1_0.is_available,
        v1_0.tenant_id,
        v1_0.v_name,
        v1_0.v_price,
        v1_0.v_type
    from
        vehicle v1_0
    where
        v1_0.id=?
2026-06-08T10:23:04.968Z DEBUG 219758 --- [rent] [nio-8080-exec-7] o.s.orm.jpa.JpaTransactionManager        : Initiating transaction commit
2026-06-08T10:23:04.968Z DEBUG 219758 --- [rent] [nio-8080-exec-7] o.s.orm.jpa.JpaTransactionManager        : Committing JPA transaction on EntityManager [SessionImpl(1576128541<open>)]
2026-06-08T10:23:04.968Z DEBUG 219758 --- [rent] [nio-8080-exec-7] o.s.orm.jpa.JpaTransactionManager        : Not closing pre-bound JPA EntityManager after transaction
2026-06-08T10:23:04.969Z DEBUG 219758 --- [rent] [nio-8080-exec-7] o.s.orm.jpa.JpaTransactionManager        : Found thread-bound EntityManager [SessionImpl(1576128541<open>)] for JPA transaction
2026-06-08T10:23:04.969Z DEBUG 219758 --- [rent] [nio-8080-exec-7] o.s.orm.jpa.JpaTransactionManager        : Creating new transaction with name [org.springframework.data.jpa.repository.support.SimpleJpaRepository.save]: PROPAGATION_REQUIRED,ISOLATION_DEFAULT
2026-06-08T10:23:04.969Z DEBUG 219758 --- [rent] [nio-8080-exec-7] o.s.orm.jpa.JpaTransactionManager        : Exposing JPA transaction as JDBC [org.springframework.orm.jpa.vendor.HibernateJpaDialect$HibernateConnectionHandle@27c44482]
2026-06-08T10:23:04.969Z DEBUG 219758 --- [rent] [nio-8080-exec-7] org.hibernate.SQL                        :
    select
        next value for vorder_seq
Hibernate:
    select
        next value for vorder_seq
2026-06-08T10:23:04.971Z DEBUG 219758 --- [rent] [nio-8080-exec-7] o.s.orm.jpa.JpaTransactionManager        : Initiating transaction commit
2026-06-08T10:23:04.971Z DEBUG 219758 --- [rent] [nio-8080-exec-7] o.s.orm.jpa.JpaTransactionManager        : Committing JPA transaction on EntityManager [SessionImpl(1576128541<open>)]
2026-06-08T10:23:04.972Z DEBUG 219758 --- [rent] [nio-8080-exec-7] org.hibernate.SQL                        :
    insert
    into
        vorder
        (c_name, customer_id, r_date, t_date, tenant_id, total, vehicle_id, o_id)
    values
        (?, ?, ?, ?, ?, ?, ?, ?)
Hibernate:
    insert
    into
        vorder
        (c_name, customer_id, r_date, t_date, tenant_id, total, vehicle_id, o_id)
    values
        (?, ?, ?, ?, ?, ?, ?, ?)
2026-06-08T10:23:04.975Z DEBUG 219758 --- [rent] [nio-8080-exec-7] o.s.orm.jpa.JpaTransactionManager        : Not closing pre-bound JPA EntityManager after transaction
2026-06-08T10:23:04.985Z DEBUG 219758 --- [rent] [nio-8080-exec-7] o.j.s.OpenEntityManagerInViewInterceptor : Closing JPA EntityManager in OpenEntityManagerInViewInterceptor
2026-06-08T10:23:04.989Z DEBUG 219758 --- [rent] [nio-8080-exec-5] o.j.s.OpenEntityManagerInViewInterceptor : Opening JPA EntityManager in OpenEntityManagerInViewInterceptor
2026-06-08T10:23:04.989Z DEBUG 219758 --- [rent] [nio-8080-exec-5] o.s.orm.jpa.JpaTransactionManager        : Found thread-bound EntityManager [SessionImpl(204358892<open>)] for JPA transaction
2026-06-08T10:23:04.989Z DEBUG 219758 --- [rent] [nio-8080-exec-5] o.s.orm.jpa.JpaTransactionManager        : Creating new transaction with name [org.springframework.data.jpa.repository.support.SimpleJpaRepository.findAll]: PROPAGATION_REQUIRED,ISOLATION_DEFAULT,readOnly
2026-06-08T10:23:04.990Z DEBUG 219758 --- [rent] [nio-8080-exec-5] o.s.orm.jpa.JpaTransactionManager        : Exposing JPA transaction as JDBC [org.springframework.orm.jpa.vendor.HibernateJpaDialect$HibernateConnectionHandle@25bfd464]
2026-06-08T10:23:04.992Z DEBUG 219758 --- [rent] [nio-8080-exec-5] org.hibernate.SQL                        :
    select
        v1_0.o_id,
        v1_0.c_name,
        v1_0.customer_id,
        v1_0.r_date,
        v1_0.t_date,
        v1_0.tenant_id,
        v1_0.total,
        v1_0.vehicle_id
    from
        vorder v1_0
    where
        v1_0.tenant_id = ?
        and v1_0.tenant_id = ?
Hibernate:
    select
        v1_0.o_id,
        v1_0.c_name,
        v1_0.customer_id,
        v1_0.r_date,
        v1_0.t_date,
        v1_0.tenant_id,
        v1_0.total,
        v1_0.vehicle_id
    from
        vorder v1_0
    where
        v1_0.tenant_id = ?
        and v1_0.tenant_id = ?
2026-06-08T10:23:04.994Z DEBUG 219758 --- [rent] [nio-8080-exec-5] org.hibernate.SQL                        :
    select
        c1_0.c_id,
        c1_0.c_name,
        c1_0.mobile_no,
        c1_0.tenant_id
    from
        customer c1_0
    where
        c1_0.c_id=?
Hibernate:
    select
        c1_0.c_id,
        c1_0.c_name,
        c1_0.mobile_no,
        c1_0.tenant_id
    from
        customer c1_0
    where
        c1_0.c_id=?
2026-06-08T10:23:04.996Z DEBUG 219758 --- [rent] [nio-8080-exec-5] org.hibernate.SQL                        :
    select
        v1_0.id,
        v1_0.is_available,
        v1_0.tenant_id,
        v1_0.v_name,
        v1_0.v_price,
        v1_0.v_type
    from
        vehicle v1_0
    where
        v1_0.id=?
Hibernate:
    select
        v1_0.id,
        v1_0.is_available,
        v1_0.tenant_id,
        v1_0.v_name,
        v1_0.v_price,
        v1_0.v_type
    from
        vehicle v1_0
    where
        v1_0.id=?
2026-06-08T10:23:04.998Z DEBUG 219758 --- [rent] [nio-8080-exec-5] o.s.orm.jpa.JpaTransactionManager        : Initiating transaction commit
2026-06-08T10:23:04.998Z DEBUG 219758 --- [rent] [nio-8080-exec-5] o.s.orm.jpa.JpaTransactionManager        : Committing JPA transaction on EntityManager [SessionImpl(204358892<open>)]
2026-06-08T10:23:04.998Z DEBUG 219758 --- [rent] [nio-8080-exec-5] o.s.orm.jpa.JpaTransactionManager        : Not closing pre-bound JPA EntityManager after transaction
2026-06-08T10:23:04.999Z DEBUG 219758 --- [rent] [nio-8080-exec-5] o.j.s.OpenEntityManagerInViewInterceptor : Closing JPA EntityManager in OpenEntityManagerInViewInterceptor
2026-06-08T10:23:05.998Z DEBUG 219758 --- [rent] [nio-8080-exec-6] o.j.s.OpenEntityManagerInViewInterceptor : Opening JPA EntityManager in OpenEntityManagerInViewInterceptor
2026-06-08T10:23:06.000Z DEBUG 219758 --- [rent] [nio-8080-exec-6] o.s.orm.jpa.JpaTransactionManager        : Found thread-bound EntityManager [SessionImpl(1990453794<open>)] for JPA transaction
2026-06-08T10:23:06.000Z DEBUG 219758 --- [rent] [nio-8080-exec-6] o.s.orm.jpa.JpaTransactionManager        : Creating new transaction with name [org.springframework.data.jpa.repository.support.SimpleJpaRepository.findById]: PROPAGATION_REQUIRED,ISOLATION_DEFAULT,readOnly
2026-06-08T10:23:06.000Z DEBUG 219758 --- [rent] [nio-8080-exec-6] o.s.orm.jpa.JpaTransactionManager        : Exposing JPA transaction as JDBC [org.springframework.orm.jpa.vendor.HibernateJpaDialect$HibernateConnectionHandle@58c9bb8f]
2026-06-08T10:23:06.004Z DEBUG 219758 --- [rent] [nio-8080-exec-6] org.hibernate.SQL                        :
    select
        v1_0.o_id,
        v1_0.c_name,
        c1_0.c_id,
        c1_0.c_name,
        c1_0.mobile_no,
        c1_0.tenant_id,
        v1_0.r_date,
        v1_0.t_date,
        v1_0.tenant_id,
        v1_0.total,
        v2_0.id,
        v2_0.is_available,
        v2_0.tenant_id,
        v2_0.v_name,
        v2_0.v_price,
        v2_0.v_type
    from
        vorder v1_0
    left join
        customer c1_0
            on c1_0.c_id=v1_0.customer_id
    left join
        vehicle v2_0
            on v2_0.id=v1_0.vehicle_id
    where
        v1_0.o_id=?
Hibernate:
    select
        v1_0.o_id,
        v1_0.c_name,
        c1_0.c_id,
        c1_0.c_name,
        c1_0.mobile_no,
        c1_0.tenant_id,
        v1_0.r_date,
        v1_0.t_date,
        v1_0.tenant_id,
        v1_0.total,
        v2_0.id,
        v2_0.is_available,
        v2_0.tenant_id,
        v2_0.v_name,
        v2_0.v_price,
        v2_0.v_type
    from
        vorder v1_0
    left join
        customer c1_0
            on c1_0.c_id=v1_0.customer_id
    left join
        vehicle v2_0
            on v2_0.id=v1_0.vehicle_id
    where
        v1_0.o_id=?
2026-06-08T10:23:06.007Z DEBUG 219758 --- [rent] [nio-8080-exec-6] o.s.orm.jpa.JpaTransactionManager        : Initiating transaction commit
2026-06-08T10:23:06.007Z DEBUG 219758 --- [rent] [nio-8080-exec-6] o.s.orm.jpa.JpaTransactionManager        : Committing JPA transaction on EntityManager [SessionImpl(1990453794<open>)]
2026-06-08T10:23:06.007Z DEBUG 219758 --- [rent] [nio-8080-exec-6] o.s.orm.jpa.JpaTransactionManager        : Not closing pre-bound JPA EntityManager after transaction
2026-06-08T10:23:06.007Z DEBUG 219758 --- [rent] [nio-8080-exec-6] o.s.orm.jpa.JpaTransactionManager        : Found thread-bound EntityManager [SessionImpl(1990453794<open>)] for JPA transaction
2026-06-08T10:23:06.007Z DEBUG 219758 --- [rent] [nio-8080-exec-6] o.s.orm.jpa.JpaTransactionManager        : Creating new transaction with name [org.springframework.data.jpa.repository.support.SimpleJpaRepository.findById]: PROPAGATION_REQUIRED,ISOLATION_DEFAULT,readOnly
2026-06-08T10:23:06.007Z DEBUG 219758 --- [rent] [nio-8080-exec-6] o.s.orm.jpa.JpaTransactionManager        : Exposing JPA transaction as JDBC [org.springframework.orm.jpa.vendor.HibernateJpaDialect$HibernateConnectionHandle@797f586b]
2026-06-08T10:23:06.009Z DEBUG 219758 --- [rent] [nio-8080-exec-6] o.s.orm.jpa.JpaTransactionManager        : Initiating transaction commit
2026-06-08T10:23:06.009Z DEBUG 219758 --- [rent] [nio-8080-exec-6] o.s.orm.jpa.JpaTransactionManager        : Committing JPA transaction on EntityManager [SessionImpl(1990453794<open>)]
2026-06-08T10:23:06.009Z DEBUG 219758 --- [rent] [nio-8080-exec-6] o.s.orm.jpa.JpaTransactionManager        : Not closing pre-bound JPA EntityManager after transaction
2026-06-08T10:23:06.009Z DEBUG 219758 --- [rent] [nio-8080-exec-6] o.s.orm.jpa.JpaTransactionManager        : Found thread-bound EntityManager [SessionImpl(1990453794<open>)] for JPA transaction
2026-06-08T10:23:06.009Z DEBUG 219758 --- [rent] [nio-8080-exec-6] o.s.orm.jpa.JpaTransactionManager        : Creating new transaction with name [org.springframework.data.jpa.repository.support.SimpleJpaRepository.save]: PROPAGATION_REQUIRED,ISOLATION_DEFAULT
2026-06-08T10:23:06.009Z DEBUG 219758 --- [rent] [nio-8080-exec-6] o.s.orm.jpa.JpaTransactionManager        : Exposing JPA transaction as JDBC [org.springframework.orm.jpa.vendor.HibernateJpaDialect$HibernateConnectionHandle@81fe7df]
2026-06-08T10:23:06.011Z DEBUG 219758 --- [rent] [nio-8080-exec-6] o.s.orm.jpa.JpaTransactionManager        : Initiating transaction commit
2026-06-08T10:23:06.011Z DEBUG 219758 --- [rent] [nio-8080-exec-6] o.s.orm.jpa.JpaTransactionManager        : Committing JPA transaction on EntityManager [SessionImpl(1990453794<open>)]
2026-06-08T10:23:06.016Z DEBUG 219758 --- [rent] [nio-8080-exec-6] org.hibernate.SQL                        :
    update
        vorder
    set
        c_name=?,
        customer_id=?,
        r_date=?,
        t_date=?,
        total=?,
        vehicle_id=?
    where
        o_id=?
Hibernate:
    update
        vorder
    set
        c_name=?,
        customer_id=?,
        r_date=?,
        t_date=?,
        total=?,
        vehicle_id=?
    where
        o_id=?
2026-06-08T10:23:06.020Z DEBUG 219758 --- [rent] [nio-8080-exec-6] o.s.orm.jpa.JpaTransactionManager        : Not closing pre-bound JPA EntityManager after transaction
2026-06-08T10:23:06.022Z DEBUG 219758 --- [rent] [nio-8080-exec-6] o.j.s.OpenEntityManagerInViewInterceptor : Closing JPA EntityManager in OpenEntityManagerInViewInterceptor
2026-06-08T10:23:06.025Z DEBUG 219758 --- [rent] [nio-8080-exec-9] o.j.s.OpenEntityManagerInViewInterceptor : Opening JPA EntityManager in OpenEntityManagerInViewInterceptor
2026-06-08T10:23:06.025Z DEBUG 219758 --- [rent] [nio-8080-exec-9] o.s.orm.jpa.JpaTransactionManager        : Found thread-bound EntityManager [SessionImpl(1248678398<open>)] for JPA transaction
2026-06-08T10:23:06.025Z DEBUG 219758 --- [rent] [nio-8080-exec-9] o.s.orm.jpa.JpaTransactionManager        : Creating new transaction with name [org.springframework.data.jpa.repository.support.SimpleJpaRepository.findAll]: PROPAGATION_REQUIRED,ISOLATION_DEFAULT,readOnly
2026-06-08T10:23:06.025Z DEBUG 219758 --- [rent] [nio-8080-exec-9] o.s.orm.jpa.JpaTransactionManager        : Exposing JPA transaction as JDBC [org.springframework.orm.jpa.vendor.HibernateJpaDialect$HibernateConnectionHandle@76f75dfc]
2026-06-08T10:23:06.027Z DEBUG 219758 --- [rent] [nio-8080-exec-9] org.hibernate.SQL                        :
    select
        v1_0.o_id,
        v1_0.c_name,
        v1_0.customer_id,
        v1_0.r_date,
        v1_0.t_date,
        v1_0.tenant_id,
        v1_0.total,
        v1_0.vehicle_id
    from
        vorder v1_0
    where
        v1_0.tenant_id = ?
        and v1_0.tenant_id = ?
Hibernate:
    select
        v1_0.o_id,
        v1_0.c_name,
        v1_0.customer_id,
        v1_0.r_date,
        v1_0.t_date,
        v1_0.tenant_id,
        v1_0.total,
        v1_0.vehicle_id
    from
        vorder v1_0
    where
        v1_0.tenant_id = ?
        and v1_0.tenant_id = ?
2026-06-08T10:23:06.029Z DEBUG 219758 --- [rent] [nio-8080-exec-9] org.hibernate.SQL                        :
    select
        c1_0.c_id,
        c1_0.c_name,
        c1_0.mobile_no,
        c1_0.tenant_id
    from
        customer c1_0
    where
        c1_0.c_id=?
Hibernate:
    select
        c1_0.c_id,
        c1_0.c_name,
        c1_0.mobile_no,
        c1_0.tenant_id
    from
        customer c1_0
    where
        c1_0.c_id=?
2026-06-08T10:23:06.030Z DEBUG 219758 --- [rent] [nio-8080-exec-9] org.hibernate.SQL                        :
    select
        v1_0.id,
        v1_0.is_available,
        v1_0.tenant_id,
        v1_0.v_name,
        v1_0.v_price,
        v1_0.v_type
    from
        vehicle v1_0
    where
        v1_0.id=?
Hibernate:
    select
        v1_0.id,
        v1_0.is_available,
        v1_0.tenant_id,
        v1_0.v_name,
        v1_0.v_price,
        v1_0.v_type
    from
        vehicle v1_0
    where
        v1_0.id=?
2026-06-08T10:23:06.031Z DEBUG 219758 --- [rent] [nio-8080-exec-9] o.s.orm.jpa.JpaTransactionManager        : Initiating transaction commit
2026-06-08T10:23:06.031Z DEBUG 219758 --- [rent] [nio-8080-exec-9] o.s.orm.jpa.JpaTransactionManager        : Committing JPA transaction on EntityManager [SessionImpl(1248678398<open>)]
2026-06-08T10:23:06.031Z DEBUG 219758 --- [rent] [nio-8080-exec-9] o.s.orm.jpa.JpaTransactionManager        : Not closing pre-bound JPA EntityManager after transaction
2026-06-08T10:23:06.032Z DEBUG 219758 --- [rent] [nio-8080-exec-9] o.j.s.OpenEntityManagerInViewInterceptor : Closing JPA EntityManager in OpenEntityManagerInViewInterceptor
2026-06-08T10:23:07.025Z DEBUG 219758 --- [rent] [nio-8080-exec-8] o.j.s.OpenEntityManagerInViewInterceptor : Opening JPA EntityManager in OpenEntityManagerInViewInterceptor
2026-06-08T10:23:07.025Z DEBUG 219758 --- [rent] [io-8080-exec-10] o.j.s.OpenEntityManagerInViewInterceptor : Opening JPA EntityManager in OpenEntityManagerInViewInterceptor
2026-06-08T10:23:07.026Z DEBUG 219758 --- [rent] [nio-8080-exec-8] o.s.orm.jpa.JpaTransactionManager        : Found thread-bound EntityManager [SessionImpl(2081687285<open>)] for JPA transaction
2026-06-08T10:23:07.026Z DEBUG 219758 --- [rent] [io-8080-exec-10] o.s.orm.jpa.JpaTransactionManager        : Found thread-bound EntityManager [SessionImpl(1347218171<open>)] for JPA transaction
2026-06-08T10:23:07.026Z DEBUG 219758 --- [rent] [io-8080-exec-10] o.s.orm.jpa.JpaTransactionManager        : Creating new transaction with name [org.springframework.data.jpa.repository.support.SimpleJpaRepository.findAll]: PROPAGATION_REQUIRED,ISOLATION_DEFAULT,readOnly
2026-06-08T10:23:07.026Z DEBUG 219758 --- [rent] [nio-8080-exec-8] o.s.orm.jpa.JpaTransactionManager        : Creating new transaction with name [org.springframework.data.jpa.repository.support.SimpleJpaRepository.findAll]: PROPAGATION_REQUIRED,ISOLATION_DEFAULT,readOnly
2026-06-08T10:23:07.026Z DEBUG 219758 --- [rent] [io-8080-exec-10] o.s.orm.jpa.JpaTransactionManager        : Exposing JPA transaction as JDBC [org.springframework.orm.jpa.vendor.HibernateJpaDialect$HibernateConnectionHandle@5e64bf06]
2026-06-08T10:23:07.027Z DEBUG 219758 --- [rent] [nio-8080-exec-1] o.j.s.OpenEntityManagerInViewInterceptor : Opening JPA EntityManager in OpenEntityManagerInViewInterceptor
2026-06-08T10:23:07.027Z DEBUG 219758 --- [rent] [nio-8080-exec-1] o.s.orm.jpa.JpaTransactionManager        : Found thread-bound EntityManager [SessionImpl(868629913<open>)] for JPA transaction
2026-06-08T10:23:07.027Z DEBUG 219758 --- [rent] [nio-8080-exec-1] o.s.orm.jpa.JpaTransactionManager        : Creating new transaction with name [org.springframework.data.jpa.repository.support.SimpleJpaRepository.findAll]: PROPAGATION_REQUIRED,ISOLATION_DEFAULT,readOnly
2026-06-08T10:23:07.027Z DEBUG 219758 --- [rent] [nio-8080-exec-8] o.s.orm.jpa.JpaTransactionManager        : Exposing JPA transaction as JDBC [org.springframework.orm.jpa.vendor.HibernateJpaDialect$HibernateConnectionHandle@6cb1050a]
2026-06-08T10:23:07.027Z DEBUG 219758 --- [rent] [nio-8080-exec-1] o.s.orm.jpa.JpaTransactionManager        : Exposing JPA transaction as JDBC [org.springframework.orm.jpa.vendor.HibernateJpaDialect$HibernateConnectionHandle@7bc79bb5]
2026-06-08T10:23:07.028Z DEBUG 219758 --- [rent] [nio-8080-exec-1] org.hibernate.SQL                        :
    select
        c1_0.c_id,
        c1_0.c_name,
        c1_0.mobile_no,
        c1_0.tenant_id
    from
        customer c1_0
    where
        c1_0.tenant_id = ?
        and c1_0.tenant_id = ?
Hibernate:
    select
        c1_0.c_id,
        c1_0.c_name,
        c1_0.mobile_no,
        c1_0.tenant_id
    from
        customer c1_0
    where
        c1_0.tenant_id = ?
        and c1_0.tenant_id = ?
2026-06-08T10:23:07.029Z DEBUG 219758 --- [rent] [nio-8080-exec-1] o.s.orm.jpa.JpaTransactionManager        : Initiating transaction commit
2026-06-08T10:23:07.029Z DEBUG 219758 --- [rent] [nio-8080-exec-8] org.hibernate.SQL                        :
    select
        v1_0.o_id,
        v1_0.c_name,
        v1_0.customer_id,
        v1_0.r_date,
        v1_0.t_date,
        v1_0.tenant_id,
        v1_0.total,
        v1_0.vehicle_id
    from
        vorder v1_0
    where
        v1_0.tenant_id = ?
        and v1_0.tenant_id = ?
Hibernate:
    select
        v1_0.o_id,
        v1_0.c_name,
        v1_0.customer_id,
        v1_0.r_date,
        v1_0.t_date,
        v1_0.tenant_id,
        v1_0.total,
        v1_0.vehicle_id
    from
        vorder v1_0
    where
        v1_0.tenant_id = ?
        and v1_0.tenant_id = ?
2026-06-08T10:23:07.029Z DEBUG 219758 --- [rent] [nio-8080-exec-1] o.s.orm.jpa.JpaTransactionManager        : Committing JPA transaction on EntityManager [SessionImpl(868629913<open>)]
2026-06-08T10:23:07.030Z DEBUG 219758 --- [rent] [nio-8080-exec-1] o.s.orm.jpa.JpaTransactionManager        : Not closing pre-bound JPA EntityManager after transaction
2026-06-08T10:23:07.030Z DEBUG 219758 --- [rent] [nio-8080-exec-8] o.s.orm.jpa.JpaTransactionManager        : Initiating transaction commit
2026-06-08T10:23:07.030Z DEBUG 219758 --- [rent] [nio-8080-exec-8] o.s.orm.jpa.JpaTransactionManager        : Committing JPA transaction on EntityManager [SessionImpl(2081687285<open>)]
2026-06-08T10:23:07.030Z DEBUG 219758 --- [rent] [nio-8080-exec-8] o.s.orm.jpa.JpaTransactionManager        : Not closing pre-bound JPA EntityManager after transaction
2026-06-08T10:23:07.031Z DEBUG 219758 --- [rent] [nio-8080-exec-1] o.j.s.OpenEntityManagerInViewInterceptor : Closing JPA EntityManager in OpenEntityManagerInViewInterceptor
2026-06-08T10:23:07.031Z DEBUG 219758 --- [rent] [nio-8080-exec-8] o.j.s.OpenEntityManagerInViewInterceptor : Closing JPA EntityManager in OpenEntityManagerInViewInterceptor
2026-06-08T10:23:07.032Z DEBUG 219758 --- [rent] [io-8080-exec-10] org.hibernate.SQL                        :
    select
        v1_0.id,
        v1_0.is_available,
        v1_0.tenant_id,
        v1_0.v_name,
        v1_0.v_price,
        v1_0.v_type
    from
        vehicle v1_0
    where
        v1_0.tenant_id = ?
        and v1_0.tenant_id = ?
Hibernate:
    select
        v1_0.id,
        v1_0.is_available,
        v1_0.tenant_id,
        v1_0.v_name,
        v1_0.v_price,
        v1_0.v_type
    from
        vehicle v1_0
    where
        v1_0.tenant_id = ?
        and v1_0.tenant_id = ?
2026-06-08T10:23:07.032Z DEBUG 219758 --- [rent] [io-8080-exec-10] o.s.orm.jpa.JpaTransactionManager        : Initiating transaction commit
2026-06-08T10:23:07.032Z DEBUG 219758 --- [rent] [io-8080-exec-10] o.s.orm.jpa.JpaTransactionManager        : Committing JPA transaction on EntityManager [SessionImpl(1347218171<open>)]
2026-06-08T10:23:07.032Z DEBUG 219758 --- [rent] [io-8080-exec-10] o.s.orm.jpa.JpaTransactionManager        : Not closing pre-bound JPA EntityManager after transaction
2026-06-08T10:23:07.033Z DEBUG 219758 --- [rent] [io-8080-exec-10] o.j.s.OpenEntityManagerInViewInterceptor : Closing JPA EntityManager in OpenEntityManagerInViewInterceptor
